<Sentence id="1">
1	((	NP	
1.1	mere	PRP	<fs af='mEM,pn,any,sg,1,o,kA,kA' agr_gen='m' agr_cas='d' agr_num='pl'>
1.2	pAsa	NST	<fs af='pAsa,adv,,,,,,'>
	))		
2	((	NP	
2.1	2	QCC	<fs af='2,num,,,,,,' poslcat="NM">
2.2	hajAra	QC	<fs af='hajAra,adj,any,pl,,d,,'>
2.3	3	QCC	<fs af='3,num,,,,,,' poslcat="NM">
2.4	sO	QC	<fs af='sO,adj,any,pl,,d,,'>
2.5	kiwAbe	NN	<fs af='kiwAbe,unk,,,,,,' poslcat="NM">
	))		
3	((	VGF	
3.1	hE	VM	<fs af='hE,v,any,sg,2,,hE,hE'>
3.2	.	SYM	<fs af='.,punc,,,,,,'>
	))		
</Sentence>
